     VMA      LMA     Size Align Out     In      Symbol
       0        0        0     1 KLOAD = 0x0000A000
       0        0        0     1 PHYS0 = 0x00000000
       0        0     a000     1 . = KLOAD
    a000        0     26cd    16 .text
    a000        0       26    16         build\start.o:(.text.boot)
    a000        0        0     1                 kernel_entry
    a023       23        0     1                 kernel_entry.halt
    a030       30      447    16         build\descriptors.o:(.text)
    a030       30       dc     1                 gdt_init
    a110      110       a7     1                 gdt_set_gate
    a1c0      1c0      10e     1                 idt_init
    a2d0      2d0       76     1                 idt_set_gate
    a350      350       12     1                 outportb
    a370      370       16     1                 inportb
    a390      390        6     1                 default_handler
    a3a0      3a0       d7     1                 pic_init
    a480      480       1d    16         build\gdt.o:(.text)
    a480      480        0     1                 gdt_flush
    a49c      49c        0     1                 gdt_flush.flush
    a4a0      4a0       14    16         build\interrupts.o:(.text)
    a4a0      4a0        0     1                 idt_load
    a4a8      4a8        0     1                 keyboard_handler_wrapper
    a4c0      4c0     1456    16         build\kernel.o:(.text)
    a4c0      4c0       4d     1                 enable_bliking_text
    a510      510       16     1                 inportb
    a530      530       12     1                 outportb
    a550      550       4f     1                 disable_bliking_text
    a5a0      5a0       8d     1                 enable_cursor
    a630      630       33     1                 disable_cursor
    a670      670       87     1                 move_cursor
    a700      700       27     1                 sleep
    a730      730       60     1                 put
    a790      790      270     1                 putc
    aa00      a00       a5     1                 clear
    aab0      ab0       50     1                 puts
    ab00      b00       b0     1                 puti
    abb0      bb0       96     1                 k_init
    ac50      c50       50     1                 restart_keyboard
    aca0      ca0       33     1                 get_scancode
    ace0      ce0      c36     1                 k_entrypoint
    b920     1920      57f    16         build\keyboard.o:(.text)
    b920     1920      16c     1                 keyboard_init
    ba90     1a90      1df     1                 keyboard_handler
    bc70     1c70       16     1                 inportb
    bc90     1c90       f8     1                 keyboard_get_char
    bd90     1d90       16     1                 keyboard_get_key_state
    bdb0     1db0       22     1                 keyboard_is_key_pressed
    bde0     1de0       22     1                 keyboard_is_key_held
    be10     1e10       22     1                 keyboard_is_key_released
    be40     1e40        a     1                 keyboard_get_last_char
    be50     1e50       37     1                 keyboard_next_layout
    be90     1e90        f     1                 keyboard_get_current_layout_name
    bea0     1ea0      62f    16         build\memory.o:(.text)
    bea0     1ea0      132     1                 mem_init
    bfe0     1fe0      12f     1                 kmalloc
    c110     2110       82     1                 kfree
    c1a0     21a0       73     1                 merge_free_blocks
    c220     2220       41     1                 mem_stats
    c270     2270      1a0     1                 print_memory_map
    c410     2410       bf     1                 print_memory_stats
    c4d0     24d0      1fd    16         build\string.o:(.text)
    c4d0     24d0       4f     1                 memcpy
    c520     2520       a6     1                 memmove
    c5d0     25d0       49     1                 memset
    c620     2620       79     1                 memcmp
    c6a0     26a0       2d     1                 strlen
    c6cd     26cd      349     1 .rodata
    c6cd     26cd      164     1         build\kernel.o:(.rodata)
    c831     2831      1e5     1         <internal>:(.rodata.str1.1)
    ca16     2a16      122     1 .data
    ca16     2a16      122     1         build\keyboard.o:(.data)
    ca16     2a16       3a     1                 layout_us
    ca50     2a50       3a     1                 layout_us_shift
    ca8a     2a8a       3a     1                 layout_fr
    cac4     2ac4       3a     1                 layout_fr_shift
    cafe     2afe       3a     1                 layout_fr_altgr
    cb38     2b38       34     4 .bss
    cb38     2b38       10     4         build\descriptors.o:(.bss)
    cb38     2b38        4     1                 gdt_entries
    cb3c     2b3c        4     1                 gdt_ptr
    cb40     2b40        4     1                 idt_entries
    cb44     2b44        4     1                 idt_ptr
    cb48     2b48       10     4         build\keyboard.o:(.bss)
    cb48     2b48        1     1                 last_scancode
    cb4c     2b4c        4     1                 kb_state
    cb50     2b50        1     1                 last_char
    cb54     2b54        4     1                 keyboard_next_layout.current_layout_index
    cb58     2b58       14     4         build\memory.o:(.bss)
    cb58     2b58       14     1                 memoryManager
       0        0       29     1 .comment
       0        0       29     1         <internal>:(.comment)
       0        0      4f0     4 .symtab
       0        0      4f0     4         <internal>:(.symtab)
       0        0       3d     1 .shstrtab
       0        0       3d     1         <internal>:(.shstrtab)
       0        0      46b     1 .strtab
       0        0      46b     1         <internal>:(.strtab)
